// Jest Snapshot v1, https://goo.gl/fbAQLP

exports[`algolia <Provider /> expect to render 1`] = `
<div>
  Content
</div>
`;
