// Jest Snapshot v1, https://goo.gl/fbAQLP

exports[`algolia withQuery expect to render 1`] = `
<Component
  className="sample-class-name"
  onChange={[Function]}
  query=""
/>
`;
