// Jest Snapshot v1, https://goo.gl/fbAQLP

exports[`algolia withFacet connect expect to render 1`] = `
<withFacet(Component)
  className="sample-class-name"
  helper={
    Object {
      "addDisjunctiveFacetRefinement": [Function],
      "addNumericRefinement": [Function],
      "clearRefinements": [Function],
      "getIndex": [Function],
      "getState": [Function],
      "nextPage": [Function],
      "on": [Function],
      "removeDisjunctiveFacetRefinement": [Function],
      "removeListener": [Function],
      "removeNumericRefinement": [Function],
      "search": [Function],
      "setIndex": [Function],
      "setQuery": [Function],
      "setQueryParameter": [Function],
    }
  }
>
  <div>
    Content
  </div>
</withFacet(Component)>
`;

exports[`algolia withFacet expect to render 1`] = `
<Component
  className="sample-class-name"
  facetValues={Array []}
>
  <div>
    Content
  </div>
</Component>
`;
