// Jest Snapshot v1, https://goo.gl/fbAQLP

exports[`<TextInput /> expect to render 1`] = `
<input
  onChange={[Function]}
  placeholder="Hello"
  styleName="TextInput"
  value="http://link.com"
/>
`;
