// Jest Snapshot v1, https://goo.gl/fbAQLP

exports[`<Filters /> expect to render 1`] = `
<div
  styleName="Filters"
>
  Content
</div>
`;
