// Jest Snapshot v1, https://goo.gl/fbAQLP

exports[`<Row /> expect to render 1`] = `
<div
  styleName="Row"
>
  Content
</div>
`;
