// Jest Snapshot v1, https://goo.gl/fbAQLP

exports[`<Thumbnail /> expect to render 1`] = `
<div
  styleName="Thumbnail"
>
  <img
    alt="Image alt"
    src="http://link.com"
    title="Image title"
  />
</div>
`;
