// Jest Snapshot v1, https://goo.gl/fbAQLP

exports[`<ClearFilter /> expect to render 1`] = `
<ClearList
  onClear={[Function]}
  refinements={Array []}
/>
`;
